09:59:31 **** Build of configuration Debug for project SPDIF_streaming ****
make all 
Building file: C:/Users/webbb/projects/STM32F7_SPDIF/SPDIF_streaming/Middlewares/ST/STM32_USB_Device_Library/Class/CDC/Src/usbd_cdc.c
Invoking: MCU GCC Compiler
C:\Users\webbb\projects\STM32F7_SPDIF\SPDIF_streaming\SW4STM32\SPDIF_streaming\Debug
arm-none-eabi-gcc -mcpu=cortex-m7 -mthumb -mfloat-abi=hard -mfpu=fpv5-sp-d16 '-D__weak=__attribute__((weak))' '-D__packed=__attribute__((__packed__))' -DUSE_HAL_DRIVER -DSTM32F746xx -I"C:/Users/webbb/projects/STM32F7_SPDIF/SPDIF_streaming/Inc" -I"C:/Users/webbb/projects/STM32F7_SPDIF/SPDIF_streaming/Drivers/STM32F7xx_HAL_Driver/Inc" -I"C:/Users/webbb/projects/STM32F7_SPDIF/SPDIF_streaming/Drivers/STM32F7xx_HAL_Driver/Inc/Legacy" -I"C:/Users/webbb/projects/STM32F7_SPDIF/SPDIF_streaming/Middlewares/ST/STM32_USB_Device_Library/Core/Inc" -I"C:/Users/webbb/projects/STM32F7_SPDIF/SPDIF_streaming/Middlewares/ST/STM32_USB_Device_Library/Class/CDC/Inc" -I"C:/Users/webbb/projects/STM32F7_SPDIF/SPDIF_streaming/Drivers/CMSIS/Device/ST/STM32F7xx/Include" -I"C:/Users/webbb/projects/STM32F7_SPDIF/SPDIF_streaming/Drivers/CMSIS/Include"  -Og -g3 -Wall -fmessage-length=0 -ffunction-sections -c -fmessage-length=0 -MMD -MP -MF"Middlewares/USB_Device_Library/usbd_cdc.d" -MT"Middlewares/USB_Device_Library/usbd_cdc.o" -o "Middlewares/USB_Device_Library/usbd_cdc.o" "C:/Users/webbb/projects/STM32F7_SPDIF/SPDIF_streaming/Middlewares/ST/STM32_USB_Device_Library/Class/CDC/Src/usbd_cdc.c"
Finished building: C:/Users/webbb/projects/STM32F7_SPDIF/SPDIF_streaming/Middlewares/ST/STM32_USB_Device_Library/Class/CDC/Src/usbd_cdc.c
 
Building file: C:/Users/webbb/projects/STM32F7_SPDIF/SPDIF_streaming/Middlewares/ST/STM32_USB_Device_Library/Core/Src/usbd_core.c
Invoking: MCU GCC Compiler
C:\Users\webbb\projects\STM32F7_SPDIF\SPDIF_streaming\SW4STM32\SPDIF_streaming\Debug
arm-none-eabi-gcc -mcpu=cortex-m7 -mthumb -mfloat-abi=hard -mfpu=fpv5-sp-d16 '-D__weak=__attribute__((weak))' '-D__packed=__attribute__((__packed__))' -DUSE_HAL_DRIVER -DSTM32F746xx -I"C:/Users/webbb/projects/STM32F7_SPDIF/SPDIF_streaming/Inc" -I"C:/Users/webbb/projects/STM32F7_SPDIF/SPDIF_streaming/Drivers/STM32F7xx_HAL_Driver/Inc" -I"C:/Users/webbb/projects/STM32F7_SPDIF/SPDIF_streaming/Drivers/STM32F7xx_HAL_Driver/Inc/Legacy" -I"C:/Users/webbb/projects/STM32F7_SPDIF/SPDIF_streaming/Middlewares/ST/STM32_USB_Device_Library/Core/Inc" -I"C:/Users/webbb/projects/STM32F7_SPDIF/SPDIF_streaming/Middlewares/ST/STM32_USB_Device_Library/Class/CDC/Inc" -I"C:/Users/webbb/projects/STM32F7_SPDIF/SPDIF_streaming/Drivers/CMSIS/Device/ST/STM32F7xx/Include" -I"C:/Users/webbb/projects/STM32F7_SPDIF/SPDIF_streaming/Drivers/CMSIS/Include"  -Og -g3 -Wall -fmessage-length=0 -ffunction-sections -c -fmessage-length=0 -MMD -MP -MF"Middlewares/USB_Device_Library/usbd_core.d" -MT"Middlewares/USB_Device_Library/usbd_core.o" -o "Middlewares/USB_Device_Library/usbd_core.o" "C:/Users/webbb/projects/STM32F7_SPDIF/SPDIF_streaming/Middlewares/ST/STM32_USB_Device_Library/Core/Src/usbd_core.c"
Finished building: C:/Users/webbb/projects/STM32F7_SPDIF/SPDIF_streaming/Middlewares/ST/STM32_USB_Device_Library/Core/Src/usbd_core.c
 
Building file: C:/Users/webbb/projects/STM32F7_SPDIF/SPDIF_streaming/Middlewares/ST/STM32_USB_Device_Library/Core/Src/usbd_ctlreq.c
Invoking: MCU GCC Compiler
C:\Users\webbb\projects\STM32F7_SPDIF\SPDIF_streaming\SW4STM32\SPDIF_streaming\Debug
arm-none-eabi-gcc -mcpu=cortex-m7 -mthumb -mfloat-abi=hard -mfpu=fpv5-sp-d16 '-D__weak=__attribute__((weak))' '-D__packed=__attribute__((__packed__))' -DUSE_HAL_DRIVER -DSTM32F746xx -I"C:/Users/webbb/projects/STM32F7_SPDIF/SPDIF_streaming/Inc" -I"C:/Users/webbb/projects/STM32F7_SPDIF/SPDIF_streaming/Drivers/STM32F7xx_HAL_Driver/Inc" -I"C:/Users/webbb/projects/STM32F7_SPDIF/SPDIF_streaming/Drivers/STM32F7xx_HAL_Driver/Inc/Legacy" -I"C:/Users/webbb/projects/STM32F7_SPDIF/SPDIF_streaming/Middlewares/ST/STM32_USB_Device_Library/Core/Inc" -I"C:/Users/webbb/projects/STM32F7_SPDIF/SPDIF_streaming/Middlewares/ST/STM32_USB_Device_Library/Class/CDC/Inc" -I"C:/Users/webbb/projects/STM32F7_SPDIF/SPDIF_streaming/Drivers/CMSIS/Device/ST/STM32F7xx/Include" -I"C:/Users/webbb/projects/STM32F7_SPDIF/SPDIF_streaming/Drivers/CMSIS/Include"  -Og -g3 -Wall -fmessage-length=0 -ffunction-sections -c -fmessage-length=0 -MMD -MP -MF"Middlewares/USB_Device_Library/usbd_ctlreq.d" -MT"Middlewares/USB_Device_Library/usbd_ctlreq.o" -o "Middlewares/USB_Device_Library/usbd_ctlreq.o" "C:/Users/webbb/projects/STM32F7_SPDIF/SPDIF_streaming/Middlewares/ST/STM32_USB_Device_Library/Core/Src/usbd_ctlreq.c"
Finished building: C:/Users/webbb/projects/STM32F7_SPDIF/SPDIF_streaming/Middlewares/ST/STM32_USB_Device_Library/Core/Src/usbd_ctlreq.c
 
Building file: C:/Users/webbb/projects/STM32F7_SPDIF/SPDIF_streaming/Middlewares/ST/STM32_USB_Device_Library/Core/Src/usbd_ioreq.c
Invoking: MCU GCC Compiler
C:\Users\webbb\projects\STM32F7_SPDIF\SPDIF_streaming\SW4STM32\SPDIF_streaming\Debug
arm-none-eabi-gcc -mcpu=cortex-m7 -mthumb -mfloat-abi=hard -mfpu=fpv5-sp-d16 '-D__weak=__attribute__((weak))' '-D__packed=__attribute__((__packed__))' -DUSE_HAL_DRIVER -DSTM32F746xx -I"C:/Users/webbb/projects/STM32F7_SPDIF/SPDIF_streaming/Inc" -I"C:/Users/webbb/projects/STM32F7_SPDIF/SPDIF_streaming/Drivers/STM32F7xx_HAL_Driver/Inc" -I"C:/Users/webbb/projects/STM32F7_SPDIF/SPDIF_streaming/Drivers/STM32F7xx_HAL_Driver/Inc/Legacy" -I"C:/Users/webbb/projects/STM32F7_SPDIF/SPDIF_streaming/Middlewares/ST/STM32_USB_Device_Library/Core/Inc" -I"C:/Users/webbb/projects/STM32F7_SPDIF/SPDIF_streaming/Middlewares/ST/STM32_USB_Device_Library/Class/CDC/Inc" -I"C:/Users/webbb/projects/STM32F7_SPDIF/SPDIF_streaming/Drivers/CMSIS/Device/ST/STM32F7xx/Include" -I"C:/Users/webbb/projects/STM32F7_SPDIF/SPDIF_streaming/Drivers/CMSIS/Include"  -Og -g3 -Wall -fmessage-length=0 -ffunction-sections -c -fmessage-length=0 -MMD -MP -MF"Middlewares/USB_Device_Library/usbd_ioreq.d" -MT"Middlewares/USB_Device_Library/usbd_ioreq.o" -o "Middlewares/USB_Device_Library/usbd_ioreq.o" "C:/Users/webbb/projects/STM32F7_SPDIF/SPDIF_streaming/Middlewares/ST/STM32_USB_Device_Library/Core/Src/usbd_ioreq.c"
Finished building: C:/Users/webbb/projects/STM32F7_SPDIF/SPDIF_streaming/Middlewares/ST/STM32_USB_Device_Library/Core/Src/usbd_ioreq.c
 
Building file: C:/Users/webbb/projects/STM32F7_SPDIF/SPDIF_streaming/Drivers/STM32F7xx_HAL_Driver/Src/stm32f7xx_hal.c
Invoking: MCU GCC Compiler
C:\Users\webbb\projects\STM32F7_SPDIF\SPDIF_streaming\SW4STM32\SPDIF_streaming\Debug
arm-none-eabi-gcc -mcpu=cortex-m7 -mthumb -mfloat-abi=hard -mfpu=fpv5-sp-d16 '-D__weak=__attribute__((weak))' '-D__packed=__attribute__((__packed__))' -DUSE_HAL_DRIVER -DSTM32F746xx -I"C:/Users/webbb/projects/STM32F7_SPDIF/SPDIF_streaming/Inc" -I"C:/Users/webbb/projects/STM32F7_SPDIF/SPDIF_streaming/Drivers/STM32F7xx_HAL_Driver/Inc" -I"C:/Users/webbb/projects/STM32F7_SPDIF/SPDIF_streaming/Drivers/STM32F7xx_HAL_Driver/Inc/Legacy" -I"C:/Users/webbb/projects/STM32F7_SPDIF/SPDIF_streaming/Middlewares/ST/STM32_USB_Device_Library/Core/Inc" -I"C:/Users/webbb/projects/STM32F7_SPDIF/SPDIF_streaming/Middlewares/ST/STM32_USB_Device_Library/Class/CDC/Inc" -I"C:/Users/webbb/projects/STM32F7_SPDIF/SPDIF_streaming/Drivers/CMSIS/Device/ST/STM32F7xx/Include" -I"C:/Users/webbb/projects/STM32F7_SPDIF/SPDIF_streaming/Drivers/CMSIS/Include"  -Og -g3 -Wall -fmessage-length=0 -ffunction-sections -c -fmessage-length=0 -MMD -MP -MF"Drivers/STM32F7xx_HAL_Driver/stm32f7xx_hal.d" -MT"Drivers/STM32F7xx_HAL_Driver/stm32f7xx_hal.o" -o "Drivers/STM32F7xx_HAL_Driver/stm32f7xx_hal.o" "C:/Users/webbb/projects/STM32F7_SPDIF/SPDIF_streaming/Drivers/STM32F7xx_HAL_Driver/Src/stm32f7xx_hal.c"
Finished building: C:/Users/webbb/projects/STM32F7_SPDIF/SPDIF_streaming/Drivers/STM32F7xx_HAL_Driver/Src/stm32f7xx_hal.c
 
Building file: C:/Users/webbb/projects/STM32F7_SPDIF/SPDIF_streaming/Drivers/STM32F7xx_HAL_Driver/Src/stm32f7xx_hal_cortex.c
Invoking: MCU GCC Compiler
C:\Users\webbb\projects\STM32F7_SPDIF\SPDIF_streaming\SW4STM32\SPDIF_streaming\Debug
arm-none-eabi-gcc -mcpu=cortex-m7 -mthumb -mfloat-abi=hard -mfpu=fpv5-sp-d16 '-D__weak=__attribute__((weak))' '-D__packed=__attribute__((__packed__))' -DUSE_HAL_DRIVER -DSTM32F746xx -I"C:/Users/webbb/projects/STM32F7_SPDIF/SPDIF_streaming/Inc" -I"C:/Users/webbb/projects/STM32F7_SPDIF/SPDIF_streaming/Drivers/STM32F7xx_HAL_Driver/Inc" -I"C:/Users/webbb/projects/STM32F7_SPDIF/SPDIF_streaming/Drivers/STM32F7xx_HAL_Driver/Inc/Legacy" -I"C:/Users/webbb/projects/STM32F7_SPDIF/SPDIF_streaming/Middlewares/ST/STM32_USB_Device_Library/Core/Inc" -I"C:/Users/webbb/projects/STM32F7_SPDIF/SPDIF_streaming/Middlewares/ST/STM32_USB_Device_Library/Class/CDC/Inc" -I"C:/Users/webbb/projects/STM32F7_SPDIF/SPDIF_streaming/Drivers/CMSIS/Device/ST/STM32F7xx/Include" -I"C:/Users/webbb/projects/STM32F7_SPDIF/SPDIF_streaming/Drivers/CMSIS/Include"  -Og -g3 -Wall -fmessage-length=0 -ffunction-sections -c -fmessage-length=0 -MMD -MP -MF"Drivers/STM32F7xx_HAL_Driver/stm32f7xx_hal_cortex.d" -MT"Drivers/STM32F7xx_HAL_Driver/stm32f7xx_hal_cortex.o" -o "Drivers/STM32F7xx_HAL_Driver/stm32f7xx_hal_cortex.o" "C:/Users/webbb/projects/STM32F7_SPDIF/SPDIF_streaming/Drivers/STM32F7xx_HAL_Driver/Src/stm32f7xx_hal_cortex.c"
Finished building: C:/Users/webbb/projects/STM32F7_SPDIF/SPDIF_streaming/Drivers/STM32F7xx_HAL_Driver/Src/stm32f7xx_hal_cortex.c
 
Building file: C:/Users/webbb/projects/STM32F7_SPDIF/SPDIF_streaming/Drivers/STM32F7xx_HAL_Driver/Src/stm32f7xx_hal_dma.c
Invoking: MCU GCC Compiler
C:\Users\webbb\projects\STM32F7_SPDIF\SPDIF_streaming\SW4STM32\SPDIF_streaming\Debug
arm-none-eabi-gcc -mcpu=cortex-m7 -mthumb -mfloat-abi=hard -mfpu=fpv5-sp-d16 '-D__weak=__attribute__((weak))' '-D__packed=__attribute__((__packed__))' -DUSE_HAL_DRIVER -DSTM32F746xx -I"C:/Users/webbb/projects/STM32F7_SPDIF/SPDIF_streaming/Inc" -I"C:/Users/webbb/projects/STM32F7_SPDIF/SPDIF_streaming/Drivers/STM32F7xx_HAL_Driver/Inc" -I"C:/Users/webbb/projects/STM32F7_SPDIF/SPDIF_streaming/Drivers/STM32F7xx_HAL_Driver/Inc/Legacy" -I"C:/Users/webbb/projects/STM32F7_SPDIF/SPDIF_streaming/Middlewares/ST/STM32_USB_Device_Library/Core/Inc" -I"C:/Users/webbb/projects/STM32F7_SPDIF/SPDIF_streaming/Middlewares/ST/STM32_USB_Device_Library/Class/CDC/Inc" -I"C:/Users/webbb/projects/STM32F7_SPDIF/SPDIF_streaming/Drivers/CMSIS/Device/ST/STM32F7xx/Include" -I"C:/Users/webbb/projects/STM32F7_SPDIF/SPDIF_streaming/Drivers/CMSIS/Include"  -Og -g3 -Wall -fmessage-length=0 -ffunction-sections -c -fmessage-length=0 -MMD -MP -MF"Drivers/STM32F7xx_HAL_Driver/stm32f7xx_hal_dma.d" -MT"Drivers/STM32F7xx_HAL_Driver/stm32f7xx_hal_dma.o" -o "Drivers/STM32F7xx_HAL_Driver/stm32f7xx_hal_dma.o" "C:/Users/webbb/projects/STM32F7_SPDIF/SPDIF_streaming/Drivers/STM32F7xx_HAL_Driver/Src/stm32f7xx_hal_dma.c"
Finished building: C:/Users/webbb/projects/STM32F7_SPDIF/SPDIF_streaming/Drivers/STM32F7xx_HAL_Driver/Src/stm32f7xx_hal_dma.c
 
Building file: C:/Users/webbb/projects/STM32F7_SPDIF/SPDIF_streaming/Drivers/STM32F7xx_HAL_Driver/Src/stm32f7xx_hal_dma_ex.c
Invoking: MCU GCC Compiler
C:\Users\webbb\projects\STM32F7_SPDIF\SPDIF_streaming\SW4STM32\SPDIF_streaming\Debug
arm-none-eabi-gcc -mcpu=cortex-m7 -mthumb -mfloat-abi=hard -mfpu=fpv5-sp-d16 '-D__weak=__attribute__((weak))' '-D__packed=__attribute__((__packed__))' -DUSE_HAL_DRIVER -DSTM32F746xx -I"C:/Users/webbb/projects/STM32F7_SPDIF/SPDIF_streaming/Inc" -I"C:/Users/webbb/projects/STM32F7_SPDIF/SPDIF_streaming/Drivers/STM32F7xx_HAL_Driver/Inc" -I"C:/Users/webbb/projects/STM32F7_SPDIF/SPDIF_streaming/Drivers/STM32F7xx_HAL_Driver/Inc/Legacy" -I"C:/Users/webbb/projects/STM32F7_SPDIF/SPDIF_streaming/Middlewares/ST/STM32_USB_Device_Library/Core/Inc" -I"C:/Users/webbb/projects/STM32F7_SPDIF/SPDIF_streaming/Middlewares/ST/STM32_USB_Device_Library/Class/CDC/Inc" -I"C:/Users/webbb/projects/STM32F7_SPDIF/SPDIF_streaming/Drivers/CMSIS/Device/ST/STM32F7xx/Include" -I"C:/Users/webbb/projects/STM32F7_SPDIF/SPDIF_streaming/Drivers/CMSIS/Include"  -Og -g3 -Wall -fmessage-length=0 -ffunction-sections -c -fmessage-length=0 -MMD -MP -MF"Drivers/STM32F7xx_HAL_Driver/stm32f7xx_hal_dma_ex.d" -MT"Drivers/STM32F7xx_HAL_Driver/stm32f7xx_hal_dma_ex.o" -o "Drivers/STM32F7xx_HAL_Driver/stm32f7xx_hal_dma_ex.o" "C:/Users/webbb/projects/STM32F7_SPDIF/SPDIF_streaming/Drivers/STM32F7xx_HAL_Driver/Src/stm32f7xx_hal_dma_ex.c"
Finished building: C:/Users/webbb/projects/STM32F7_SPDIF/SPDIF_streaming/Drivers/STM32F7xx_HAL_Driver/Src/stm32f7xx_hal_dma_ex.c
 
Building file: C:/Users/webbb/projects/STM32F7_SPDIF/SPDIF_streaming/Drivers/STM32F7xx_HAL_Driver/Src/stm32f7xx_hal_flash.c
Invoking: MCU GCC Compiler
C:\Users\webbb\projects\STM32F7_SPDIF\SPDIF_streaming\SW4STM32\SPDIF_streaming\Debug
arm-none-eabi-gcc -mcpu=cortex-m7 -mthumb -mfloat-abi=hard -mfpu=fpv5-sp-d16 '-D__weak=__attribute__((weak))' '-D__packed=__attribute__((__packed__))' -DUSE_HAL_DRIVER -DSTM32F746xx -I"C:/Users/webbb/projects/STM32F7_SPDIF/SPDIF_streaming/Inc" -I"C:/Users/webbb/projects/STM32F7_SPDIF/SPDIF_streaming/Drivers/STM32F7xx_HAL_Driver/Inc" -I"C:/Users/webbb/projects/STM32F7_SPDIF/SPDIF_streaming/Drivers/STM32F7xx_HAL_Driver/Inc/Legacy" -I"C:/Users/webbb/projects/STM32F7_SPDIF/SPDIF_streaming/Middlewares/ST/STM32_USB_Device_Library/Core/Inc" -I"C:/Users/webbb/projects/STM32F7_SPDIF/SPDIF_streaming/Middlewares/ST/STM32_USB_Device_Library/Class/CDC/Inc" -I"C:/Users/webbb/projects/STM32F7_SPDIF/SPDIF_streaming/Drivers/CMSIS/Device/ST/STM32F7xx/Include" -I"C:/Users/webbb/projects/STM32F7_SPDIF/SPDIF_streaming/Drivers/CMSIS/Include"  -Og -g3 -Wall -fmessage-length=0 -ffunction-sections -c -fmessage-length=0 -MMD -MP -MF"Drivers/STM32F7xx_HAL_Driver/stm32f7xx_hal_flash.d" -MT"Drivers/STM32F7xx_HAL_Driver/stm32f7xx_hal_flash.o" -o "Drivers/STM32F7xx_HAL_Driver/stm32f7xx_hal_flash.o" "C:/Users/webbb/projects/STM32F7_SPDIF/SPDIF_streaming/Drivers/STM32F7xx_HAL_Driver/Src/stm32f7xx_hal_flash.c"
Finished building: C:/Users/webbb/projects/STM32F7_SPDIF/SPDIF_streaming/Drivers/STM32F7xx_HAL_Driver/Src/stm32f7xx_hal_flash.c
 
Building file: C:/Users/webbb/projects/STM32F7_SPDIF/SPDIF_streaming/Drivers/STM32F7xx_HAL_Driver/Src/stm32f7xx_hal_flash_ex.c
Invoking: MCU GCC Compiler
C:\Users\webbb\projects\STM32F7_SPDIF\SPDIF_streaming\SW4STM32\SPDIF_streaming\Debug
arm-none-eabi-gcc -mcpu=cortex-m7 -mthumb -mfloat-abi=hard -mfpu=fpv5-sp-d16 '-D__weak=__attribute__((weak))' '-D__packed=__attribute__((__packed__))' -DUSE_HAL_DRIVER -DSTM32F746xx -I"C:/Users/webbb/projects/STM32F7_SPDIF/SPDIF_streaming/Inc" -I"C:/Users/webbb/projects/STM32F7_SPDIF/SPDIF_streaming/Drivers/STM32F7xx_HAL_Driver/Inc" -I"C:/Users/webbb/projects/STM32F7_SPDIF/SPDIF_streaming/Drivers/STM32F7xx_HAL_Driver/Inc/Legacy" -I"C:/Users/webbb/projects/STM32F7_SPDIF/SPDIF_streaming/Middlewares/ST/STM32_USB_Device_Library/Core/Inc" -I"C:/Users/webbb/projects/STM32F7_SPDIF/SPDIF_streaming/Middlewares/ST/STM32_USB_Device_Library/Class/CDC/Inc" -I"C:/Users/webbb/projects/STM32F7_SPDIF/SPDIF_streaming/Drivers/CMSIS/Device/ST/STM32F7xx/Include" -I"C:/Users/webbb/projects/STM32F7_SPDIF/SPDIF_streaming/Drivers/CMSIS/Include"  -Og -g3 -Wall -fmessage-length=0 -ffunction-sections -c -fmessage-length=0 -MMD -MP -MF"Drivers/STM32F7xx_HAL_Driver/stm32f7xx_hal_flash_ex.d" -MT"Drivers/STM32F7xx_HAL_Driver/stm32f7xx_hal_flash_ex.o" -o "Drivers/STM32F7xx_HAL_Driver/stm32f7xx_hal_flash_ex.o" "C:/Users/webbb/projects/STM32F7_SPDIF/SPDIF_streaming/Drivers/STM32F7xx_HAL_Driver/Src/stm32f7xx_hal_flash_ex.c"
Finished building: C:/Users/webbb/projects/STM32F7_SPDIF/SPDIF_streaming/Drivers/STM32F7xx_HAL_Driver/Src/stm32f7xx_hal_flash_ex.c
 
Building file: C:/Users/webbb/projects/STM32F7_SPDIF/SPDIF_streaming/Drivers/STM32F7xx_HAL_Driver/Src/stm32f7xx_hal_gpio.c
Invoking: MCU GCC Compiler
C:\Users\webbb\projects\STM32F7_SPDIF\SPDIF_streaming\SW4STM32\SPDIF_streaming\Debug
arm-none-eabi-gcc -mcpu=cortex-m7 -mthumb -mfloat-abi=hard -mfpu=fpv5-sp-d16 '-D__weak=__attribute__((weak))' '-D__packed=__attribute__((__packed__))' -DUSE_HAL_DRIVER -DSTM32F746xx -I"C:/Users/webbb/projects/STM32F7_SPDIF/SPDIF_streaming/Inc" -I"C:/Users/webbb/projects/STM32F7_SPDIF/SPDIF_streaming/Drivers/STM32F7xx_HAL_Driver/Inc" -I"C:/Users/webbb/projects/STM32F7_SPDIF/SPDIF_streaming/Drivers/STM32F7xx_HAL_Driver/Inc/Legacy" -I"C:/Users/webbb/projects/STM32F7_SPDIF/SPDIF_streaming/Middlewares/ST/STM32_USB_Device_Library/Core/Inc" -I"C:/Users/webbb/projects/STM32F7_SPDIF/SPDIF_streaming/Middlewares/ST/STM32_USB_Device_Library/Class/CDC/Inc" -I"C:/Users/webbb/projects/STM32F7_SPDIF/SPDIF_streaming/Drivers/CMSIS/Device/ST/STM32F7xx/Include" -I"C:/Users/webbb/projects/STM32F7_SPDIF/SPDIF_streaming/Drivers/CMSIS/Include"  -Og -g3 -Wall -fmessage-length=0 -ffunction-sections -c -fmessage-length=0 -MMD -MP -MF"Drivers/STM32F7xx_HAL_Driver/stm32f7xx_hal_gpio.d" -MT"Drivers/STM32F7xx_HAL_Driver/stm32f7xx_hal_gpio.o" -o "Drivers/STM32F7xx_HAL_Driver/stm32f7xx_hal_gpio.o" "C:/Users/webbb/projects/STM32F7_SPDIF/SPDIF_streaming/Drivers/STM32F7xx_HAL_Driver/Src/stm32f7xx_hal_gpio.c"
Finished building: C:/Users/webbb/projects/STM32F7_SPDIF/SPDIF_streaming/Drivers/STM32F7xx_HAL_Driver/Src/stm32f7xx_hal_gpio.c
 
Building file: C:/Users/webbb/projects/STM32F7_SPDIF/SPDIF_streaming/Drivers/STM32F7xx_HAL_Driver/Src/stm32f7xx_hal_i2c.c
Invoking: MCU GCC Compiler
C:\Users\webbb\projects\STM32F7_SPDIF\SPDIF_streaming\SW4STM32\SPDIF_streaming\Debug
arm-none-eabi-gcc -mcpu=cortex-m7 -mthumb -mfloat-abi=hard -mfpu=fpv5-sp-d16 '-D__weak=__attribute__((weak))' '-D__packed=__attribute__((__packed__))' -DUSE_HAL_DRIVER -DSTM32F746xx -I"C:/Users/webbb/projects/STM32F7_SPDIF/SPDIF_streaming/Inc" -I"C:/Users/webbb/projects/STM32F7_SPDIF/SPDIF_streaming/Drivers/STM32F7xx_HAL_Driver/Inc" -I"C:/Users/webbb/projects/STM32F7_SPDIF/SPDIF_streaming/Drivers/STM32F7xx_HAL_Driver/Inc/Legacy" -I"C:/Users/webbb/projects/STM32F7_SPDIF/SPDIF_streaming/Middlewares/ST/STM32_USB_Device_Library/Core/Inc" -I"C:/Users/webbb/projects/STM32F7_SPDIF/SPDIF_streaming/Middlewares/ST/STM32_USB_Device_Library/Class/CDC/Inc" -I"C:/Users/webbb/projects/STM32F7_SPDIF/SPDIF_streaming/Drivers/CMSIS/Device/ST/STM32F7xx/Include" -I"C:/Users/webbb/projects/STM32F7_SPDIF/SPDIF_streaming/Drivers/CMSIS/Include"  -Og -g3 -Wall -fmessage-length=0 -ffunction-sections -c -fmessage-length=0 -MMD -MP -MF"Drivers/STM32F7xx_HAL_Driver/stm32f7xx_hal_i2c.d" -MT"Drivers/STM32F7xx_HAL_Driver/stm32f7xx_hal_i2c.o" -o "Drivers/STM32F7xx_HAL_Driver/stm32f7xx_hal_i2c.o" "C:/Users/webbb/projects/STM32F7_SPDIF/SPDIF_streaming/Drivers/STM32F7xx_HAL_Driver/Src/stm32f7xx_hal_i2c.c"
Finished building: C:/Users/webbb/projects/STM32F7_SPDIF/SPDIF_streaming/Drivers/STM32F7xx_HAL_Driver/Src/stm32f7xx_hal_i2c.c
 
Building file: C:/Users/webbb/projects/STM32F7_SPDIF/SPDIF_streaming/Drivers/STM32F7xx_HAL_Driver/Src/stm32f7xx_hal_i2c_ex.c
Invoking: MCU GCC Compiler
C:\Users\webbb\projects\STM32F7_SPDIF\SPDIF_streaming\SW4STM32\SPDIF_streaming\Debug
arm-none-eabi-gcc -mcpu=cortex-m7 -mthumb -mfloat-abi=hard -mfpu=fpv5-sp-d16 '-D__weak=__attribute__((weak))' '-D__packed=__attribute__((__packed__))' -DUSE_HAL_DRIVER -DSTM32F746xx -I"C:/Users/webbb/projects/STM32F7_SPDIF/SPDIF_streaming/Inc" -I"C:/Users/webbb/projects/STM32F7_SPDIF/SPDIF_streaming/Drivers/STM32F7xx_HAL_Driver/Inc" -I"C:/Users/webbb/projects/STM32F7_SPDIF/SPDIF_streaming/Drivers/STM32F7xx_HAL_Driver/Inc/Legacy" -I"C:/Users/webbb/projects/STM32F7_SPDIF/SPDIF_streaming/Middlewares/ST/STM32_USB_Device_Library/Core/Inc" -I"C:/Users/webbb/projects/STM32F7_SPDIF/SPDIF_streaming/Middlewares/ST/STM32_USB_Device_Library/Class/CDC/Inc" -I"C:/Users/webbb/projects/STM32F7_SPDIF/SPDIF_streaming/Drivers/CMSIS/Device/ST/STM32F7xx/Include" -I"C:/Users/webbb/projects/STM32F7_SPDIF/SPDIF_streaming/Drivers/CMSIS/Include"  -Og -g3 -Wall -fmessage-length=0 -ffunction-sections -c -fmessage-length=0 -MMD -MP -MF"Drivers/STM32F7xx_HAL_Driver/stm32f7xx_hal_i2c_ex.d" -MT"Drivers/STM32F7xx_HAL_Driver/stm32f7xx_hal_i2c_ex.o" -o "Drivers/STM32F7xx_HAL_Driver/stm32f7xx_hal_i2c_ex.o" "C:/Users/webbb/projects/STM32F7_SPDIF/SPDIF_streaming/Drivers/STM32F7xx_HAL_Driver/Src/stm32f7xx_hal_i2c_ex.c"
Finished building: C:/Users/webbb/projects/STM32F7_SPDIF/SPDIF_streaming/Drivers/STM32F7xx_HAL_Driver/Src/stm32f7xx_hal_i2c_ex.c
 
Building file: C:/Users/webbb/projects/STM32F7_SPDIF/SPDIF_streaming/Drivers/STM32F7xx_HAL_Driver/Src/stm32f7xx_hal_pcd.c
Invoking: MCU GCC Compiler
C:\Users\webbb\projects\STM32F7_SPDIF\SPDIF_streaming\SW4STM32\SPDIF_streaming\Debug
arm-none-eabi-gcc -mcpu=cortex-m7 -mthumb -mfloat-abi=hard -mfpu=fpv5-sp-d16 '-D__weak=__attribute__((weak))' '-D__packed=__attribute__((__packed__))' -DUSE_HAL_DRIVER -DSTM32F746xx -I"C:/Users/webbb/projects/STM32F7_SPDIF/SPDIF_streaming/Inc" -I"C:/Users/webbb/projects/STM32F7_SPDIF/SPDIF_streaming/Drivers/STM32F7xx_HAL_Driver/Inc" -I"C:/Users/webbb/projects/STM32F7_SPDIF/SPDIF_streaming/Drivers/STM32F7xx_HAL_Driver/Inc/Legacy" -I"C:/Users/webbb/projects/STM32F7_SPDIF/SPDIF_streaming/Middlewares/ST/STM32_USB_Device_Library/Core/Inc" -I"C:/Users/webbb/projects/STM32F7_SPDIF/SPDIF_streaming/Middlewares/ST/STM32_USB_Device_Library/Class/CDC/Inc" -I"C:/Users/webbb/projects/STM32F7_SPDIF/SPDIF_streaming/Drivers/CMSIS/Device/ST/STM32F7xx/Include" -I"C:/Users/webbb/projects/STM32F7_SPDIF/SPDIF_streaming/Drivers/CMSIS/Include"  -Og -g3 -Wall -fmessage-length=0 -ffunction-sections -c -fmessage-length=0 -MMD -MP -MF"Drivers/STM32F7xx_HAL_Driver/stm32f7xx_hal_pcd.d" -MT"Drivers/STM32F7xx_HAL_Driver/stm32f7xx_hal_pcd.o" -o "Drivers/STM32F7xx_HAL_Driver/stm32f7xx_hal_pcd.o" "C:/Users/webbb/projects/STM32F7_SPDIF/SPDIF_streaming/Drivers/STM32F7xx_HAL_Driver/Src/stm32f7xx_hal_pcd.c"
Finished building: C:/Users/webbb/projects/STM32F7_SPDIF/SPDIF_streaming/Drivers/STM32F7xx_HAL_Driver/Src/stm32f7xx_hal_pcd.c
 
Building file: C:/Users/webbb/projects/STM32F7_SPDIF/SPDIF_streaming/Drivers/STM32F7xx_HAL_Driver/Src/stm32f7xx_hal_pcd_ex.c
Invoking: MCU GCC Compiler
C:\Users\webbb\projects\STM32F7_SPDIF\SPDIF_streaming\SW4STM32\SPDIF_streaming\Debug
arm-none-eabi-gcc -mcpu=cortex-m7 -mthumb -mfloat-abi=hard -mfpu=fpv5-sp-d16 '-D__weak=__attribute__((weak))' '-D__packed=__attribute__((__packed__))' -DUSE_HAL_DRIVER -DSTM32F746xx -I"C:/Users/webbb/projects/STM32F7_SPDIF/SPDIF_streaming/Inc" -I"C:/Users/webbb/projects/STM32F7_SPDIF/SPDIF_streaming/Drivers/STM32F7xx_HAL_Driver/Inc" -I"C:/Users/webbb/projects/STM32F7_SPDIF/SPDIF_streaming/Drivers/STM32F7xx_HAL_Driver/Inc/Legacy" -I"C:/Users/webbb/projects/STM32F7_SPDIF/SPDIF_streaming/Middlewares/ST/STM32_USB_Device_Library/Core/Inc" -I"C:/Users/webbb/projects/STM32F7_SPDIF/SPDIF_streaming/Middlewares/ST/STM32_USB_Device_Library/Class/CDC/Inc" -I"C:/Users/webbb/projects/STM32F7_SPDIF/SPDIF_streaming/Drivers/CMSIS/Device/ST/STM32F7xx/Include" -I"C:/Users/webbb/projects/STM32F7_SPDIF/SPDIF_streaming/Drivers/CMSIS/Include"  -Og -g3 -Wall -fmessage-length=0 -ffunction-sections -c -fmessage-length=0 -MMD -MP -MF"Drivers/STM32F7xx_HAL_Driver/stm32f7xx_hal_pcd_ex.d" -MT"Drivers/STM32F7xx_HAL_Driver/stm32f7xx_hal_pcd_ex.o" -o "Drivers/STM32F7xx_HAL_Driver/stm32f7xx_hal_pcd_ex.o" "C:/Users/webbb/projects/STM32F7_SPDIF/SPDIF_streaming/Drivers/STM32F7xx_HAL_Driver/Src/stm32f7xx_hal_pcd_ex.c"
Finished building: C:/Users/webbb/projects/STM32F7_SPDIF/SPDIF_streaming/Drivers/STM32F7xx_HAL_Driver/Src/stm32f7xx_hal_pcd_ex.c
 
Building file: C:/Users/webbb/projects/STM32F7_SPDIF/SPDIF_streaming/Drivers/STM32F7xx_HAL_Driver/Src/stm32f7xx_hal_pwr.c
Invoking: MCU GCC Compiler
C:\Users\webbb\projects\STM32F7_SPDIF\SPDIF_streaming\SW4STM32\SPDIF_streaming\Debug
arm-none-eabi-gcc -mcpu=cortex-m7 -mthumb -mfloat-abi=hard -mfpu=fpv5-sp-d16 '-D__weak=__attribute__((weak))' '-D__packed=__attribute__((__packed__))' -DUSE_HAL_DRIVER -DSTM32F746xx -I"C:/Users/webbb/projects/STM32F7_SPDIF/SPDIF_streaming/Inc" -I"C:/Users/webbb/projects/STM32F7_SPDIF/SPDIF_streaming/Drivers/STM32F7xx_HAL_Driver/Inc" -I"C:/Users/webbb/projects/STM32F7_SPDIF/SPDIF_streaming/Drivers/STM32F7xx_HAL_Driver/Inc/Legacy" -I"C:/Users/webbb/projects/STM32F7_SPDIF/SPDIF_streaming/Middlewares/ST/STM32_USB_Device_Library/Core/Inc" -I"C:/Users/webbb/projects/STM32F7_SPDIF/SPDIF_streaming/Middlewares/ST/STM32_USB_Device_Library/Class/CDC/Inc" -I"C:/Users/webbb/projects/STM32F7_SPDIF/SPDIF_streaming/Drivers/CMSIS/Device/ST/STM32F7xx/Include" -I"C:/Users/webbb/projects/STM32F7_SPDIF/SPDIF_streaming/Drivers/CMSIS/Include"  -Og -g3 -Wall -fmessage-length=0 -ffunction-sections -c -fmessage-length=0 -MMD -MP -MF"Drivers/STM32F7xx_HAL_Driver/stm32f7xx_hal_pwr.d" -MT"Drivers/STM32F7xx_HAL_Driver/stm32f7xx_hal_pwr.o" -o "Drivers/STM32F7xx_HAL_Driver/stm32f7xx_hal_pwr.o" "C:/Users/webbb/projects/STM32F7_SPDIF/SPDIF_streaming/Drivers/STM32F7xx_HAL_Driver/Src/stm32f7xx_hal_pwr.c"
Finished building: C:/Users/webbb/projects/STM32F7_SPDIF/SPDIF_streaming/Drivers/STM32F7xx_HAL_Driver/Src/stm32f7xx_hal_pwr.c
 
Building file: C:/Users/webbb/projects/STM32F7_SPDIF/SPDIF_streaming/Drivers/STM32F7xx_HAL_Driver/Src/stm32f7xx_hal_pwr_ex.c
Invoking: MCU GCC Compiler
C:\Users\webbb\projects\STM32F7_SPDIF\SPDIF_streaming\SW4STM32\SPDIF_streaming\Debug
arm-none-eabi-gcc -mcpu=cortex-m7 -mthumb -mfloat-abi=hard -mfpu=fpv5-sp-d16 '-D__weak=__attribute__((weak))' '-D__packed=__attribute__((__packed__))' -DUSE_HAL_DRIVER -DSTM32F746xx -I"C:/Users/webbb/projects/STM32F7_SPDIF/SPDIF_streaming/Inc" -I"C:/Users/webbb/projects/STM32F7_SPDIF/SPDIF_streaming/Drivers/STM32F7xx_HAL_Driver/Inc" -I"C:/Users/webbb/projects/STM32F7_SPDIF/SPDIF_streaming/Drivers/STM32F7xx_HAL_Driver/Inc/Legacy" -I"C:/Users/webbb/projects/STM32F7_SPDIF/SPDIF_streaming/Middlewares/ST/STM32_USB_Device_Library/Core/Inc" -I"C:/Users/webbb/projects/STM32F7_SPDIF/SPDIF_streaming/Middlewares/ST/STM32_USB_Device_Library/Class/CDC/Inc" -I"C:/Users/webbb/projects/STM32F7_SPDIF/SPDIF_streaming/Drivers/CMSIS/Device/ST/STM32F7xx/Include" -I"C:/Users/webbb/projects/STM32F7_SPDIF/SPDIF_streaming/Drivers/CMSIS/Include"  -Og -g3 -Wall -fmessage-length=0 -ffunction-sections -c -fmessage-length=0 -MMD -MP -MF"Drivers/STM32F7xx_HAL_Driver/stm32f7xx_hal_pwr_ex.d" -MT"Drivers/STM32F7xx_HAL_Driver/stm32f7xx_hal_pwr_ex.o" -o "Drivers/STM32F7xx_HAL_Driver/stm32f7xx_hal_pwr_ex.o" "C:/Users/webbb/projects/STM32F7_SPDIF/SPDIF_streaming/Drivers/STM32F7xx_HAL_Driver/Src/stm32f7xx_hal_pwr_ex.c"
Finished building: C:/Users/webbb/projects/STM32F7_SPDIF/SPDIF_streaming/Drivers/STM32F7xx_HAL_Driver/Src/stm32f7xx_hal_pwr_ex.c
 
Building file: C:/Users/webbb/projects/STM32F7_SPDIF/SPDIF_streaming/Drivers/STM32F7xx_HAL_Driver/Src/stm32f7xx_hal_rcc.c
Invoking: MCU GCC Compiler
C:\Users\webbb\projects\STM32F7_SPDIF\SPDIF_streaming\SW4STM32\SPDIF_streaming\Debug
arm-none-eabi-gcc -mcpu=cortex-m7 -mthumb -mfloat-abi=hard -mfpu=fpv5-sp-d16 '-D__weak=__attribute__((weak))' '-D__packed=__attribute__((__packed__))' -DUSE_HAL_DRIVER -DSTM32F746xx -I"C:/Users/webbb/projects/STM32F7_SPDIF/SPDIF_streaming/Inc" -I"C:/Users/webbb/projects/STM32F7_SPDIF/SPDIF_streaming/Drivers/STM32F7xx_HAL_Driver/Inc" -I"C:/Users/webbb/projects/STM32F7_SPDIF/SPDIF_streaming/Drivers/STM32F7xx_HAL_Driver/Inc/Legacy" -I"C:/Users/webbb/projects/STM32F7_SPDIF/SPDIF_streaming/Middlewares/ST/STM32_USB_Device_Library/Core/Inc" -I"C:/Users/webbb/projects/STM32F7_SPDIF/SPDIF_streaming/Middlewares/ST/STM32_USB_Device_Library/Class/CDC/Inc" -I"C:/Users/webbb/projects/STM32F7_SPDIF/SPDIF_streaming/Drivers/CMSIS/Device/ST/STM32F7xx/Include" -I"C:/Users/webbb/projects/STM32F7_SPDIF/SPDIF_streaming/Drivers/CMSIS/Include"  -Og -g3 -Wall -fmessage-length=0 -ffunction-sections -c -fmessage-length=0 -MMD -MP -MF"Drivers/STM32F7xx_HAL_Driver/stm32f7xx_hal_rcc.d" -MT"Drivers/STM32F7xx_HAL_Driver/stm32f7xx_hal_rcc.o" -o "Drivers/STM32F7xx_HAL_Driver/stm32f7xx_hal_rcc.o" "C:/Users/webbb/projects/STM32F7_SPDIF/SPDIF_streaming/Drivers/STM32F7xx_HAL_Driver/Src/stm32f7xx_hal_rcc.c"
Finished building: C:/Users/webbb/projects/STM32F7_SPDIF/SPDIF_streaming/Drivers/STM32F7xx_HAL_Driver/Src/stm32f7xx_hal_rcc.c
 
Building file: C:/Users/webbb/projects/STM32F7_SPDIF/SPDIF_streaming/Drivers/STM32F7xx_HAL_Driver/Src/stm32f7xx_hal_rcc_ex.c
Invoking: MCU GCC Compiler
C:\Users\webbb\projects\STM32F7_SPDIF\SPDIF_streaming\SW4STM32\SPDIF_streaming\Debug
arm-none-eabi-gcc -mcpu=cortex-m7 -mthumb -mfloat-abi=hard -mfpu=fpv5-sp-d16 '-D__weak=__attribute__((weak))' '-D__packed=__attribute__((__packed__))' -DUSE_HAL_DRIVER -DSTM32F746xx -I"C:/Users/webbb/projects/STM32F7_SPDIF/SPDIF_streaming/Inc" -I"C:/Users/webbb/projects/STM32F7_SPDIF/SPDIF_streaming/Drivers/STM32F7xx_HAL_Driver/Inc" -I"C:/Users/webbb/projects/STM32F7_SPDIF/SPDIF_streaming/Drivers/STM32F7xx_HAL_Driver/Inc/Legacy" -I"C:/Users/webbb/projects/STM32F7_SPDIF/SPDIF_streaming/Middlewares/ST/STM32_USB_Device_Library/Core/Inc" -I"C:/Users/webbb/projects/STM32F7_SPDIF/SPDIF_streaming/Middlewares/ST/STM32_USB_Device_Library/Class/CDC/Inc" -I"C:/Users/webbb/projects/STM32F7_SPDIF/SPDIF_streaming/Drivers/CMSIS/Device/ST/STM32F7xx/Include" -I"C:/Users/webbb/projects/STM32F7_SPDIF/SPDIF_streaming/Drivers/CMSIS/Include"  -Og -g3 -Wall -fmessage-length=0 -ffunction-sections -c -fmessage-length=0 -MMD -MP -MF"Drivers/STM32F7xx_HAL_Driver/stm32f7xx_hal_rcc_ex.d" -MT"Drivers/STM32F7xx_HAL_Driver/stm32f7xx_hal_rcc_ex.o" -o "Drivers/STM32F7xx_HAL_Driver/stm32f7xx_hal_rcc_ex.o" "C:/Users/webbb/projects/STM32F7_SPDIF/SPDIF_streaming/Drivers/STM32F7xx_HAL_Driver/Src/stm32f7xx_hal_rcc_ex.c"
Finished building: C:/Users/webbb/projects/STM32F7_SPDIF/SPDIF_streaming/Drivers/STM32F7xx_HAL_Driver/Src/stm32f7xx_hal_rcc_ex.c
 
Building file: C:/Users/webbb/projects/STM32F7_SPDIF/SPDIF_streaming/Drivers/STM32F7xx_HAL_Driver/Src/stm32f7xx_hal_spdifrx.c
Invoking: MCU GCC Compiler
C:\Users\webbb\projects\STM32F7_SPDIF\SPDIF_streaming\SW4STM32\SPDIF_streaming\Debug
arm-none-eabi-gcc -mcpu=cortex-m7 -mthumb -mfloat-abi=hard -mfpu=fpv5-sp-d16 '-D__weak=__attribute__((weak))' '-D__packed=__attribute__((__packed__))' -DUSE_HAL_DRIVER -DSTM32F746xx -I"C:/Users/webbb/projects/STM32F7_SPDIF/SPDIF_streaming/Inc" -I"C:/Users/webbb/projects/STM32F7_SPDIF/SPDIF_streaming/Drivers/STM32F7xx_HAL_Driver/Inc" -I"C:/Users/webbb/projects/STM32F7_SPDIF/SPDIF_streaming/Drivers/STM32F7xx_HAL_Driver/Inc/Legacy" -I"C:/Users/webbb/projects/STM32F7_SPDIF/SPDIF_streaming/Middlewares/ST/STM32_USB_Device_Library/Core/Inc" -I"C:/Users/webbb/projects/STM32F7_SPDIF/SPDIF_streaming/Middlewares/ST/STM32_USB_Device_Library/Class/CDC/Inc" -I"C:/Users/webbb/projects/STM32F7_SPDIF/SPDIF_streaming/Drivers/CMSIS/Device/ST/STM32F7xx/Include" -I"C:/Users/webbb/projects/STM32F7_SPDIF/SPDIF_streaming/Drivers/CMSIS/Include"  -Og -g3 -Wall -fmessage-length=0 -ffunction-sections -c -fmessage-length=0 -MMD -MP -MF"Drivers/STM32F7xx_HAL_Driver/stm32f7xx_hal_spdifrx.d" -MT"Drivers/STM32F7xx_HAL_Driver/stm32f7xx_hal_spdifrx.o" -o "Drivers/STM32F7xx_HAL_Driver/stm32f7xx_hal_spdifrx.o" "C:/Users/webbb/projects/STM32F7_SPDIF/SPDIF_streaming/Drivers/STM32F7xx_HAL_Driver/Src/stm32f7xx_hal_spdifrx.c"
Finished building: C:/Users/webbb/projects/STM32F7_SPDIF/SPDIF_streaming/Drivers/STM32F7xx_HAL_Driver/Src/stm32f7xx_hal_spdifrx.c
 
Building file: C:/Users/webbb/projects/STM32F7_SPDIF/SPDIF_streaming/Drivers/STM32F7xx_HAL_Driver/Src/stm32f7xx_hal_tim.c
Invoking: MCU GCC Compiler
C:\Users\webbb\projects\STM32F7_SPDIF\SPDIF_streaming\SW4STM32\SPDIF_streaming\Debug
arm-none-eabi-gcc -mcpu=cortex-m7 -mthumb -mfloat-abi=hard -mfpu=fpv5-sp-d16 '-D__weak=__attribute__((weak))' '-D__packed=__attribute__((__packed__))' -DUSE_HAL_DRIVER -DSTM32F746xx -I"C:/Users/webbb/projects/STM32F7_SPDIF/SPDIF_streaming/Inc" -I"C:/Users/webbb/projects/STM32F7_SPDIF/SPDIF_streaming/Drivers/STM32F7xx_HAL_Driver/Inc" -I"C:/Users/webbb/projects/STM32F7_SPDIF/SPDIF_streaming/Drivers/STM32F7xx_HAL_Driver/Inc/Legacy" -I"C:/Users/webbb/projects/STM32F7_SPDIF/SPDIF_streaming/Middlewares/ST/STM32_USB_Device_Library/Core/Inc" -I"C:/Users/webbb/projects/STM32F7_SPDIF/SPDIF_streaming/Middlewares/ST/STM32_USB_Device_Library/Class/CDC/Inc" -I"C:/Users/webbb/projects/STM32F7_SPDIF/SPDIF_streaming/Drivers/CMSIS/Device/ST/STM32F7xx/Include" -I"C:/Users/webbb/projects/STM32F7_SPDIF/SPDIF_streaming/Drivers/CMSIS/Include"  -Og -g3 -Wall -fmessage-length=0 -ffunction-sections -c -fmessage-length=0 -MMD -MP -MF"Drivers/STM32F7xx_HAL_Driver/stm32f7xx_hal_tim.d" -MT"Drivers/STM32F7xx_HAL_Driver/stm32f7xx_hal_tim.o" -o "Drivers/STM32F7xx_HAL_Driver/stm32f7xx_hal_tim.o" "C:/Users/webbb/projects/STM32F7_SPDIF/SPDIF_streaming/Drivers/STM32F7xx_HAL_Driver/Src/stm32f7xx_hal_tim.c"
Finished building: C:/Users/webbb/projects/STM32F7_SPDIF/SPDIF_streaming/Drivers/STM32F7xx_HAL_Driver/Src/stm32f7xx_hal_tim.c
 
Building file: C:/Users/webbb/projects/STM32F7_SPDIF/SPDIF_streaming/Drivers/STM32F7xx_HAL_Driver/Src/stm32f7xx_hal_tim_ex.c
Invoking: MCU GCC Compiler
C:\Users\webbb\projects\STM32F7_SPDIF\SPDIF_streaming\SW4STM32\SPDIF_streaming\Debug
arm-none-eabi-gcc -mcpu=cortex-m7 -mthumb -mfloat-abi=hard -mfpu=fpv5-sp-d16 '-D__weak=__attribute__((weak))' '-D__packed=__attribute__((__packed__))' -DUSE_HAL_DRIVER -DSTM32F746xx -I"C:/Users/webbb/projects/STM32F7_SPDIF/SPDIF_streaming/Inc" -I"C:/Users/webbb/projects/STM32F7_SPDIF/SPDIF_streaming/Drivers/STM32F7xx_HAL_Driver/Inc" -I"C:/Users/webbb/projects/STM32F7_SPDIF/SPDIF_streaming/Drivers/STM32F7xx_HAL_Driver/Inc/Legacy" -I"C:/Users/webbb/projects/STM32F7_SPDIF/SPDIF_streaming/Middlewares/ST/STM32_USB_Device_Library/Core/Inc" -I"C:/Users/webbb/projects/STM32F7_SPDIF/SPDIF_streaming/Middlewares/ST/STM32_USB_Device_Library/Class/CDC/Inc" -I"C:/Users/webbb/projects/STM32F7_SPDIF/SPDIF_streaming/Drivers/CMSIS/Device/ST/STM32F7xx/Include" -I"C:/Users/webbb/projects/STM32F7_SPDIF/SPDIF_streaming/Drivers/CMSIS/Include"  -Og -g3 -Wall -fmessage-length=0 -ffunction-sections -c -fmessage-length=0 -MMD -MP -MF"Drivers/STM32F7xx_HAL_Driver/stm32f7xx_hal_tim_ex.d" -MT"Drivers/STM32F7xx_HAL_Driver/stm32f7xx_hal_tim_ex.o" -o "Drivers/STM32F7xx_HAL_Driver/stm32f7xx_hal_tim_ex.o" "C:/Users/webbb/projects/STM32F7_SPDIF/SPDIF_streaming/Drivers/STM32F7xx_HAL_Driver/Src/stm32f7xx_hal_tim_ex.c"
Finished building: C:/Users/webbb/projects/STM32F7_SPDIF/SPDIF_streaming/Drivers/STM32F7xx_HAL_Driver/Src/stm32f7xx_hal_tim_ex.c
 
Building file: C:/Users/webbb/projects/STM32F7_SPDIF/SPDIF_streaming/Drivers/STM32F7xx_HAL_Driver/Src/stm32f7xx_hal_uart.c
Invoking: MCU GCC Compiler
C:\Users\webbb\projects\STM32F7_SPDIF\SPDIF_streaming\SW4STM32\SPDIF_streaming\Debug
arm-none-eabi-gcc -mcpu=cortex-m7 -mthumb -mfloat-abi=hard -mfpu=fpv5-sp-d16 '-D__weak=__attribute__((weak))' '-D__packed=__attribute__((__packed__))' -DUSE_HAL_DRIVER -DSTM32F746xx -I"C:/Users/webbb/projects/STM32F7_SPDIF/SPDIF_streaming/Inc" -I"C:/Users/webbb/projects/STM32F7_SPDIF/SPDIF_streaming/Drivers/STM32F7xx_HAL_Driver/Inc" -I"C:/Users/webbb/projects/STM32F7_SPDIF/SPDIF_streaming/Drivers/STM32F7xx_HAL_Driver/Inc/Legacy" -I"C:/Users/webbb/projects/STM32F7_SPDIF/SPDIF_streaming/Middlewares/ST/STM32_USB_Device_Library/Core/Inc" -I"C:/Users/webbb/projects/STM32F7_SPDIF/SPDIF_streaming/Middlewares/ST/STM32_USB_Device_Library/Class/CDC/Inc" -I"C:/Users/webbb/projects/STM32F7_SPDIF/SPDIF_streaming/Drivers/CMSIS/Device/ST/STM32F7xx/Include" -I"C:/Users/webbb/projects/STM32F7_SPDIF/SPDIF_streaming/Drivers/CMSIS/Include"  -Og -g3 -Wall -fmessage-length=0 -ffunction-sections -c -fmessage-length=0 -MMD -MP -MF"Drivers/STM32F7xx_HAL_Driver/stm32f7xx_hal_uart.d" -MT"Drivers/STM32F7xx_HAL_Driver/stm32f7xx_hal_uart.o" -o "Drivers/STM32F7xx_HAL_Driver/stm32f7xx_hal_uart.o" "C:/Users/webbb/projects/STM32F7_SPDIF/SPDIF_streaming/Drivers/STM32F7xx_HAL_Driver/Src/stm32f7xx_hal_uart.c"
Finished building: C:/Users/webbb/projects/STM32F7_SPDIF/SPDIF_streaming/Drivers/STM32F7xx_HAL_Driver/Src/stm32f7xx_hal_uart.c
 
Building file: C:/Users/webbb/projects/STM32F7_SPDIF/SPDIF_streaming/Drivers/STM32F7xx_HAL_Driver/Src/stm32f7xx_ll_usb.c
Invoking: MCU GCC Compiler
C:\Users\webbb\projects\STM32F7_SPDIF\SPDIF_streaming\SW4STM32\SPDIF_streaming\Debug
arm-none-eabi-gcc -mcpu=cortex-m7 -mthumb -mfloat-abi=hard -mfpu=fpv5-sp-d16 '-D__weak=__attribute__((weak))' '-D__packed=__attribute__((__packed__))' -DUSE_HAL_DRIVER -DSTM32F746xx -I"C:/Users/webbb/projects/STM32F7_SPDIF/SPDIF_streaming/Inc" -I"C:/Users/webbb/projects/STM32F7_SPDIF/SPDIF_streaming/Drivers/STM32F7xx_HAL_Driver/Inc" -I"C:/Users/webbb/projects/STM32F7_SPDIF/SPDIF_streaming/Drivers/STM32F7xx_HAL_Driver/Inc/Legacy" -I"C:/Users/webbb/projects/STM32F7_SPDIF/SPDIF_streaming/Middlewares/ST/STM32_USB_Device_Library/Core/Inc" -I"C:/Users/webbb/projects/STM32F7_SPDIF/SPDIF_streaming/Middlewares/ST/STM32_USB_Device_Library/Class/CDC/Inc" -I"C:/Users/webbb/projects/STM32F7_SPDIF/SPDIF_streaming/Drivers/CMSIS/Device/ST/STM32F7xx/Include" -I"C:/Users/webbb/projects/STM32F7_SPDIF/SPDIF_streaming/Drivers/CMSIS/Include"  -Og -g3 -Wall -fmessage-length=0 -ffunction-sections -c -fmessage-length=0 -MMD -MP -MF"Drivers/STM32F7xx_HAL_Driver/stm32f7xx_ll_usb.d" -MT"Drivers/STM32F7xx_HAL_Driver/stm32f7xx_ll_usb.o" -o "Drivers/STM32F7xx_HAL_Driver/stm32f7xx_ll_usb.o" "C:/Users/webbb/projects/STM32F7_SPDIF/SPDIF_streaming/Drivers/STM32F7xx_HAL_Driver/Src/stm32f7xx_ll_usb.c"
Finished building: C:/Users/webbb/projects/STM32F7_SPDIF/SPDIF_streaming/Drivers/STM32F7xx_HAL_Driver/Src/stm32f7xx_ll_usb.c
 
Building file: C:/Users/webbb/projects/STM32F7_SPDIF/SPDIF_streaming/Src/system_stm32f7xx.c
Invoking: MCU GCC Compiler
C:\Users\webbb\projects\STM32F7_SPDIF\SPDIF_streaming\SW4STM32\SPDIF_streaming\Debug
arm-none-eabi-gcc -mcpu=cortex-m7 -mthumb -mfloat-abi=hard -mfpu=fpv5-sp-d16 '-D__weak=__attribute__((weak))' '-D__packed=__attribute__((__packed__))' -DUSE_HAL_DRIVER -DSTM32F746xx -I"C:/Users/webbb/projects/STM32F7_SPDIF/SPDIF_streaming/Inc" -I"C:/Users/webbb/projects/STM32F7_SPDIF/SPDIF_streaming/Drivers/STM32F7xx_HAL_Driver/Inc" -I"C:/Users/webbb/projects/STM32F7_SPDIF/SPDIF_streaming/Drivers/STM32F7xx_HAL_Driver/Inc/Legacy" -I"C:/Users/webbb/projects/STM32F7_SPDIF/SPDIF_streaming/Middlewares/ST/STM32_USB_Device_Library/Core/Inc" -I"C:/Users/webbb/projects/STM32F7_SPDIF/SPDIF_streaming/Middlewares/ST/STM32_USB_Device_Library/Class/CDC/Inc" -I"C:/Users/webbb/projects/STM32F7_SPDIF/SPDIF_streaming/Drivers/CMSIS/Device/ST/STM32F7xx/Include" -I"C:/Users/webbb/projects/STM32F7_SPDIF/SPDIF_streaming/Drivers/CMSIS/Include"  -Og -g3 -Wall -fmessage-length=0 -ffunction-sections -c -fmessage-length=0 -MMD -MP -MF"Drivers/CMSIS/system_stm32f7xx.d" -MT"Drivers/CMSIS/system_stm32f7xx.o" -o "Drivers/CMSIS/system_stm32f7xx.o" "C:/Users/webbb/projects/STM32F7_SPDIF/SPDIF_streaming/Src/system_stm32f7xx.c"
Finished building: C:/Users/webbb/projects/STM32F7_SPDIF/SPDIF_streaming/Src/system_stm32f7xx.c
 
Building file: C:/Users/webbb/projects/STM32F7_SPDIF/SPDIF_streaming/Src/main.c
Invoking: MCU GCC Compiler
C:\Users\webbb\projects\STM32F7_SPDIF\SPDIF_streaming\SW4STM32\SPDIF_streaming\Debug
arm-none-eabi-gcc -mcpu=cortex-m7 -mthumb -mfloat-abi=hard -mfpu=fpv5-sp-d16 '-D__weak=__attribute__((weak))' '-D__packed=__attribute__((__packed__))' -DUSE_HAL_DRIVER -DSTM32F746xx -I"C:/Users/webbb/projects/STM32F7_SPDIF/SPDIF_streaming/Inc" -I"C:/Users/webbb/projects/STM32F7_SPDIF/SPDIF_streaming/Drivers/STM32F7xx_HAL_Driver/Inc" -I"C:/Users/webbb/projects/STM32F7_SPDIF/SPDIF_streaming/Drivers/STM32F7xx_HAL_Driver/Inc/Legacy" -I"C:/Users/webbb/projects/STM32F7_SPDIF/SPDIF_streaming/Middlewares/ST/STM32_USB_Device_Library/Core/Inc" -I"C:/Users/webbb/projects/STM32F7_SPDIF/SPDIF_streaming/Middlewares/ST/STM32_USB_Device_Library/Class/CDC/Inc" -I"C:/Users/webbb/projects/STM32F7_SPDIF/SPDIF_streaming/Drivers/CMSIS/Device/ST/STM32F7xx/Include" -I"C:/Users/webbb/projects/STM32F7_SPDIF/SPDIF_streaming/Drivers/CMSIS/Include"  -Og -g3 -Wall -fmessage-length=0 -ffunction-sections -c -fmessage-length=0 -MMD -MP -MF"Application/User/main.d" -MT"Application/User/main.o" -o "Application/User/main.o" "C:/Users/webbb/projects/STM32F7_SPDIF/SPDIF_streaming/Src/main.c"
Finished building: C:/Users/webbb/projects/STM32F7_SPDIF/SPDIF_streaming/Src/main.c
 
Building file: C:/Users/webbb/projects/STM32F7_SPDIF/SPDIF_streaming/Src/stm32f7xx_hal_msp.c
Invoking: MCU GCC Compiler
C:\Users\webbb\projects\STM32F7_SPDIF\SPDIF_streaming\SW4STM32\SPDIF_streaming\Debug
arm-none-eabi-gcc -mcpu=cortex-m7 -mthumb -mfloat-abi=hard -mfpu=fpv5-sp-d16 '-D__weak=__attribute__((weak))' '-D__packed=__attribute__((__packed__))' -DUSE_HAL_DRIVER -DSTM32F746xx -I"C:/Users/webbb/projects/STM32F7_SPDIF/SPDIF_streaming/Inc" -I"C:/Users/webbb/projects/STM32F7_SPDIF/SPDIF_streaming/Drivers/STM32F7xx_HAL_Driver/Inc" -I"C:/Users/webbb/projects/STM32F7_SPDIF/SPDIF_streaming/Drivers/STM32F7xx_HAL_Driver/Inc/Legacy" -I"C:/Users/webbb/projects/STM32F7_SPDIF/SPDIF_streaming/Middlewares/ST/STM32_USB_Device_Library/Core/Inc" -I"C:/Users/webbb/projects/STM32F7_SPDIF/SPDIF_streaming/Middlewares/ST/STM32_USB_Device_Library/Class/CDC/Inc" -I"C:/Users/webbb/projects/STM32F7_SPDIF/SPDIF_streaming/Drivers/CMSIS/Device/ST/STM32F7xx/Include" -I"C:/Users/webbb/projects/STM32F7_SPDIF/SPDIF_streaming/Drivers/CMSIS/Include"  -Og -g3 -Wall -fmessage-length=0 -ffunction-sections -c -fmessage-length=0 -MMD -MP -MF"Application/User/stm32f7xx_hal_msp.d" -MT"Application/User/stm32f7xx_hal_msp.o" -o "Application/User/stm32f7xx_hal_msp.o" "C:/Users/webbb/projects/STM32F7_SPDIF/SPDIF_streaming/Src/stm32f7xx_hal_msp.c"
Finished building: C:/Users/webbb/projects/STM32F7_SPDIF/SPDIF_streaming/Src/stm32f7xx_hal_msp.c
 
Building file: C:/Users/webbb/projects/STM32F7_SPDIF/SPDIF_streaming/Src/stm32f7xx_it.c
Invoking: MCU GCC Compiler
C:\Users\webbb\projects\STM32F7_SPDIF\SPDIF_streaming\SW4STM32\SPDIF_streaming\Debug
arm-none-eabi-gcc -mcpu=cortex-m7 -mthumb -mfloat-abi=hard -mfpu=fpv5-sp-d16 '-D__weak=__attribute__((weak))' '-D__packed=__attribute__((__packed__))' -DUSE_HAL_DRIVER -DSTM32F746xx -I"C:/Users/webbb/projects/STM32F7_SPDIF/SPDIF_streaming/Inc" -I"C:/Users/webbb/projects/STM32F7_SPDIF/SPDIF_streaming/Drivers/STM32F7xx_HAL_Driver/Inc" -I"C:/Users/webbb/projects/STM32F7_SPDIF/SPDIF_streaming/Drivers/STM32F7xx_HAL_Driver/Inc/Legacy" -I"C:/Users/webbb/projects/STM32F7_SPDIF/SPDIF_streaming/Middlewares/ST/STM32_USB_Device_Library/Core/Inc" -I"C:/Users/webbb/projects/STM32F7_SPDIF/SPDIF_streaming/Middlewares/ST/STM32_USB_Device_Library/Class/CDC/Inc" -I"C:/Users/webbb/projects/STM32F7_SPDIF/SPDIF_streaming/Drivers/CMSIS/Device/ST/STM32F7xx/Include" -I"C:/Users/webbb/projects/STM32F7_SPDIF/SPDIF_streaming/Drivers/CMSIS/Include"  -Og -g3 -Wall -fmessage-length=0 -ffunction-sections -c -fmessage-length=0 -MMD -MP -MF"Application/User/stm32f7xx_it.d" -MT"Application/User/stm32f7xx_it.o" -o "Application/User/stm32f7xx_it.o" "C:/Users/webbb/projects/STM32F7_SPDIF/SPDIF_streaming/Src/stm32f7xx_it.c"
Finished building: C:/Users/webbb/projects/STM32F7_SPDIF/SPDIF_streaming/Src/stm32f7xx_it.c
 
Building file: C:/Users/webbb/projects/STM32F7_SPDIF/SPDIF_streaming/Src/usb_device.c
Invoking: MCU GCC Compiler
C:\Users\webbb\projects\STM32F7_SPDIF\SPDIF_streaming\SW4STM32\SPDIF_streaming\Debug
arm-none-eabi-gcc -mcpu=cortex-m7 -mthumb -mfloat-abi=hard -mfpu=fpv5-sp-d16 '-D__weak=__attribute__((weak))' '-D__packed=__attribute__((__packed__))' -DUSE_HAL_DRIVER -DSTM32F746xx -I"C:/Users/webbb/projects/STM32F7_SPDIF/SPDIF_streaming/Inc" -I"C:/Users/webbb/projects/STM32F7_SPDIF/SPDIF_streaming/Drivers/STM32F7xx_HAL_Driver/Inc" -I"C:/Users/webbb/projects/STM32F7_SPDIF/SPDIF_streaming/Drivers/STM32F7xx_HAL_Driver/Inc/Legacy" -I"C:/Users/webbb/projects/STM32F7_SPDIF/SPDIF_streaming/Middlewares/ST/STM32_USB_Device_Library/Core/Inc" -I"C:/Users/webbb/projects/STM32F7_SPDIF/SPDIF_streaming/Middlewares/ST/STM32_USB_Device_Library/Class/CDC/Inc" -I"C:/Users/webbb/projects/STM32F7_SPDIF/SPDIF_streaming/Drivers/CMSIS/Device/ST/STM32F7xx/Include" -I"C:/Users/webbb/projects/STM32F7_SPDIF/SPDIF_streaming/Drivers/CMSIS/Include"  -Og -g3 -Wall -fmessage-length=0 -ffunction-sections -c -fmessage-length=0 -MMD -MP -MF"Application/User/usb_device.d" -MT"Application/User/usb_device.o" -o "Application/User/usb_device.o" "C:/Users/webbb/projects/STM32F7_SPDIF/SPDIF_streaming/Src/usb_device.c"
Finished building: C:/Users/webbb/projects/STM32F7_SPDIF/SPDIF_streaming/Src/usb_device.c
 
Building file: C:/Users/webbb/projects/STM32F7_SPDIF/SPDIF_streaming/Src/usbd_cdc_if.c
Invoking: MCU GCC Compiler
C:\Users\webbb\projects\STM32F7_SPDIF\SPDIF_streaming\SW4STM32\SPDIF_streaming\Debug
arm-none-eabi-gcc -mcpu=cortex-m7 -mthumb -mfloat-abi=hard -mfpu=fpv5-sp-d16 '-D__weak=__attribute__((weak))' '-D__packed=__attribute__((__packed__))' -DUSE_HAL_DRIVER -DSTM32F746xx -I"C:/Users/webbb/projects/STM32F7_SPDIF/SPDIF_streaming/Inc" -I"C:/Users/webbb/projects/STM32F7_SPDIF/SPDIF_streaming/Drivers/STM32F7xx_HAL_Driver/Inc" -I"C:/Users/webbb/projects/STM32F7_SPDIF/SPDIF_streaming/Drivers/STM32F7xx_HAL_Driver/Inc/Legacy" -I"C:/Users/webbb/projects/STM32F7_SPDIF/SPDIF_streaming/Middlewares/ST/STM32_USB_Device_Library/Core/Inc" -I"C:/Users/webbb/projects/STM32F7_SPDIF/SPDIF_streaming/Middlewares/ST/STM32_USB_Device_Library/Class/CDC/Inc" -I"C:/Users/webbb/projects/STM32F7_SPDIF/SPDIF_streaming/Drivers/CMSIS/Device/ST/STM32F7xx/Include" -I"C:/Users/webbb/projects/STM32F7_SPDIF/SPDIF_streaming/Drivers/CMSIS/Include"  -Og -g3 -Wall -fmessage-length=0 -ffunction-sections -c -fmessage-length=0 -MMD -MP -MF"Application/User/usbd_cdc_if.d" -MT"Application/User/usbd_cdc_if.o" -o "Application/User/usbd_cdc_if.o" "C:/Users/webbb/projects/STM32F7_SPDIF/SPDIF_streaming/Src/usbd_cdc_if.c"
Finished building: C:/Users/webbb/projects/STM32F7_SPDIF/SPDIF_streaming/Src/usbd_cdc_if.c
 
Building file: C:/Users/webbb/projects/STM32F7_SPDIF/SPDIF_streaming/Src/usbd_conf.c
Invoking: MCU GCC Compiler
C:\Users\webbb\projects\STM32F7_SPDIF\SPDIF_streaming\SW4STM32\SPDIF_streaming\Debug
arm-none-eabi-gcc -mcpu=cortex-m7 -mthumb -mfloat-abi=hard -mfpu=fpv5-sp-d16 '-D__weak=__attribute__((weak))' '-D__packed=__attribute__((__packed__))' -DUSE_HAL_DRIVER -DSTM32F746xx -I"C:/Users/webbb/projects/STM32F7_SPDIF/SPDIF_streaming/Inc" -I"C:/Users/webbb/projects/STM32F7_SPDIF/SPDIF_streaming/Drivers/STM32F7xx_HAL_Driver/Inc" -I"C:/Users/webbb/projects/STM32F7_SPDIF/SPDIF_streaming/Drivers/STM32F7xx_HAL_Driver/Inc/Legacy" -I"C:/Users/webbb/projects/STM32F7_SPDIF/SPDIF_streaming/Middlewares/ST/STM32_USB_Device_Library/Core/Inc" -I"C:/Users/webbb/projects/STM32F7_SPDIF/SPDIF_streaming/Middlewares/ST/STM32_USB_Device_Library/Class/CDC/Inc" -I"C:/Users/webbb/projects/STM32F7_SPDIF/SPDIF_streaming/Drivers/CMSIS/Device/ST/STM32F7xx/Include" -I"C:/Users/webbb/projects/STM32F7_SPDIF/SPDIF_streaming/Drivers/CMSIS/Include"  -Og -g3 -Wall -fmessage-length=0 -ffunction-sections -c -fmessage-length=0 -MMD -MP -MF"Application/User/usbd_conf.d" -MT"Application/User/usbd_conf.o" -o "Application/User/usbd_conf.o" "C:/Users/webbb/projects/STM32F7_SPDIF/SPDIF_streaming/Src/usbd_conf.c"
Finished building: C:/Users/webbb/projects/STM32F7_SPDIF/SPDIF_streaming/Src/usbd_conf.c
 
Building file: C:/Users/webbb/projects/STM32F7_SPDIF/SPDIF_streaming/Src/usbd_desc.c
Invoking: MCU GCC Compiler
C:\Users\webbb\projects\STM32F7_SPDIF\SPDIF_streaming\SW4STM32\SPDIF_streaming\Debug
arm-none-eabi-gcc -mcpu=cortex-m7 -mthumb -mfloat-abi=hard -mfpu=fpv5-sp-d16 '-D__weak=__attribute__((weak))' '-D__packed=__attribute__((__packed__))' -DUSE_HAL_DRIVER -DSTM32F746xx -I"C:/Users/webbb/projects/STM32F7_SPDIF/SPDIF_streaming/Inc" -I"C:/Users/webbb/projects/STM32F7_SPDIF/SPDIF_streaming/Drivers/STM32F7xx_HAL_Driver/Inc" -I"C:/Users/webbb/projects/STM32F7_SPDIF/SPDIF_streaming/Drivers/STM32F7xx_HAL_Driver/Inc/Legacy" -I"C:/Users/webbb/projects/STM32F7_SPDIF/SPDIF_streaming/Middlewares/ST/STM32_USB_Device_Library/Core/Inc" -I"C:/Users/webbb/projects/STM32F7_SPDIF/SPDIF_streaming/Middlewares/ST/STM32_USB_Device_Library/Class/CDC/Inc" -I"C:/Users/webbb/projects/STM32F7_SPDIF/SPDIF_streaming/Drivers/CMSIS/Device/ST/STM32F7xx/Include" -I"C:/Users/webbb/projects/STM32F7_SPDIF/SPDIF_streaming/Drivers/CMSIS/Include"  -Og -g3 -Wall -fmessage-length=0 -ffunction-sections -c -fmessage-length=0 -MMD -MP -MF"Application/User/usbd_desc.d" -MT"Application/User/usbd_desc.o" -o "Application/User/usbd_desc.o" "C:/Users/webbb/projects/STM32F7_SPDIF/SPDIF_streaming/Src/usbd_desc.c"
Finished building: C:/Users/webbb/projects/STM32F7_SPDIF/SPDIF_streaming/Src/usbd_desc.c
 
Building file: C:/Users/webbb/projects/STM32F7_SPDIF/SPDIF_streaming/SW4STM32/startup_stm32f746xx.s
Invoking: MCU GCC Assembler
C:\Users\webbb\projects\STM32F7_SPDIF\SPDIF_streaming\SW4STM32\SPDIF_streaming\Debug
arm-none-eabi-as -mcpu=cortex-m7 -mthumb -mfloat-abi=hard -mfpu=fpv5-sp-d16 -g -o "Application/SW4STM32/startup_stm32f746xx.o" "C:/Users/webbb/projects/STM32F7_SPDIF/SPDIF_streaming/SW4STM32/startup_stm32f746xx.s"
Finished building: C:/Users/webbb/projects/STM32F7_SPDIF/SPDIF_streaming/SW4STM32/startup_stm32f746xx.s
 
Building file: C:/Users/webbb/projects/STM32F7_SPDIF/SPDIF_streaming/SW4STM32/syscalls.c
Invoking: MCU GCC Compiler
C:\Users\webbb\projects\STM32F7_SPDIF\SPDIF_streaming\SW4STM32\SPDIF_streaming\Debug
arm-none-eabi-gcc -mcpu=cortex-m7 -mthumb -mfloat-abi=hard -mfpu=fpv5-sp-d16 '-D__weak=__attribute__((weak))' '-D__packed=__attribute__((__packed__))' -DUSE_HAL_DRIVER -DSTM32F746xx -I"C:/Users/webbb/projects/STM32F7_SPDIF/SPDIF_streaming/Inc" -I"C:/Users/webbb/projects/STM32F7_SPDIF/SPDIF_streaming/Drivers/STM32F7xx_HAL_Driver/Inc" -I"C:/Users/webbb/projects/STM32F7_SPDIF/SPDIF_streaming/Drivers/STM32F7xx_HAL_Driver/Inc/Legacy" -I"C:/Users/webbb/projects/STM32F7_SPDIF/SPDIF_streaming/Middlewares/ST/STM32_USB_Device_Library/Core/Inc" -I"C:/Users/webbb/projects/STM32F7_SPDIF/SPDIF_streaming/Middlewares/ST/STM32_USB_Device_Library/Class/CDC/Inc" -I"C:/Users/webbb/projects/STM32F7_SPDIF/SPDIF_streaming/Drivers/CMSIS/Device/ST/STM32F7xx/Include" -I"C:/Users/webbb/projects/STM32F7_SPDIF/SPDIF_streaming/Drivers/CMSIS/Include"  -Og -g3 -Wall -fmessage-length=0 -ffunction-sections -c -fmessage-length=0 -MMD -MP -MF"Application/SW4STM32/syscalls.d" -MT"Application/SW4STM32/syscalls.o" -o "Application/SW4STM32/syscalls.o" "C:/Users/webbb/projects/STM32F7_SPDIF/SPDIF_streaming/SW4STM32/syscalls.c"
Finished building: C:/Users/webbb/projects/STM32F7_SPDIF/SPDIF_streaming/SW4STM32/syscalls.c
 
Building target: SPDIF_streaming.elf
Invoking: MCU GCC Linker
arm-none-eabi-gcc -mcpu=cortex-m7 -mthumb -mfloat-abi=hard -mfpu=fpv5-sp-d16 -specs=nosys.specs -specs=nano.specs -T"../STM32F746NGHx_FLASH.ld" -Wl,-Map=output.map -Wl,--gc-sections -o "SPDIF_streaming.elf" @"objects.list"   -lm
Finished building target: SPDIF_streaming.elf
 
make --no-print-directory post-build
Generating hex and Printing size information:
arm-none-eabi-objcopy -O ihex "SPDIF_streaming.elf" "SPDIF_streaming.hex"
arm-none-eabi-size "SPDIF_streaming.elf"
   text	   data	    bss	    dec	    hex	filename
  21688	    476	  39324	  61488	   f030	SPDIF_streaming.elf
 
10:01:09 **** Incremental Build of configuration Debug for project SPDIF_streaming ****
make all 
make: Nothing to be done for 'all'.
