21:33:54 **** Incremental Build of configuration Debug for project SPDIF_streaming ****
make all 
Building file: C:/Users/webbb/projects/STM32F7_SPDIF/SPDIF_streaming/Src/main.c
Invoking: MCU GCC Compiler
C:\Users\webbb\projects\STM32F7_SPDIF\SPDIF_streaming\SW4STM32\SPDIF_streaming\Debug
arm-none-eabi-gcc -mcpu=cortex-m7 -mthumb -mfloat-abi=hard -mfpu=fpv5-sp-d16 '-D__weak=__attribute__((weak))' '-D__packed=__attribute__((__packed__))' -DUSE_HAL_DRIVER -DSTM32F746xx -I"C:/Users/webbb/projects/STM32F7_SPDIF/SPDIF_streaming/Inc" -I"C:/Users/webbb/projects/STM32F7_SPDIF/SPDIF_streaming/Drivers/STM32F7xx_HAL_Driver/Inc" -I"C:/Users/webbb/projects/STM32F7_SPDIF/SPDIF_streaming/Drivers/STM32F7xx_HAL_Driver/Inc/Legacy" -I"C:/Users/webbb/projects/STM32F7_SPDIF/SPDIF_streaming/Middlewares/ST/STM32_USB_Device_Library/Core/Inc" -I"C:/Users/webbb/projects/STM32F7_SPDIF/SPDIF_streaming/Middlewares/ST/STM32_USB_Device_Library/Class/CDC/Inc" -I"C:/Users/webbb/projects/STM32F7_SPDIF/SPDIF_streaming/Drivers/CMSIS/Device/ST/STM32F7xx/Include" -I"C:/Users/webbb/projects/STM32F7_SPDIF/SPDIF_streaming/Drivers/CMSIS/Include"  -Og -g3 -Wall -fmessage-length=0 -ffunction-sections -c -fmessage-length=0 -MMD -MP -MF"Application/User/main.d" -MT"Application/User/main.o" -o "Application/User/main.o" "C:/Users/webbb/projects/STM32F7_SPDIF/SPDIF_streaming/Src/main.c"
C:/Users/webbb/projects/STM32F7_SPDIF/SPDIF_streaming/Src/main.c: In function 'main':
C:/Users/webbb/projects/STM32F7_SPDIF/SPDIF_streaming/Src/main.c:168:13: warning: unused variable 'tmp' [-Wunused-variable]
     uint8_t tmp;
             ^~~
C:/Users/webbb/projects/STM32F7_SPDIF/SPDIF_streaming/Src/main.c:151:8: warning: unused variable 'buf' [-Wunused-variable]
   char buf[30];
        ^~~
At top level:
C:/Users/webbb/projects/STM32F7_SPDIF/SPDIF_streaming/Src/main.c:87:17: warning: 'ntrans' defined but not used [-Wunused-variable]
 static uint32_t ntrans = 0;
                 ^~~~~~
Finished building: C:/Users/webbb/projects/STM32F7_SPDIF/SPDIF_streaming/Src/main.c
 
Building target: SPDIF_streaming.elf
Invoking: MCU GCC Linker
arm-none-eabi-gcc -mcpu=cortex-m7 -mthumb -mfloat-abi=hard -mfpu=fpv5-sp-d16 -specs=nosys.specs -specs=nano.specs -T"../STM32F746NGHx_FLASH.ld" -Wl,-Map=output.map -Wl,--gc-sections -o "SPDIF_streaming.elf" @"objects.list"   -lm
Finished building target: SPDIF_streaming.elf
 
make --no-print-directory post-build
Generating hex and Printing size information:
arm-none-eabi-objcopy -O ihex "SPDIF_streaming.elf" "SPDIF_streaming.hex"
arm-none-eabi-size "SPDIF_streaming.elf"
   text	   data	    bss	    dec	    hex	filename
  19636	    484	  55708	  75828	  12834	SPDIF_streaming.elf
 
21:34:03 **** Incremental Build of configuration Debug for project SPDIF_streaming ****
make all 
make: Nothing to be done for 'all'.
